// Jest Snapshot v1, https://goo.gl/fbAQLP

exports[`renders button component 1`] = `
<div>
  <button
    class="sc-AxirZ jQaZle"
    role="button"
  >
    Button
  </button>
</div>
`;
