// Jest Snapshot v1, https://goo.gl/fbAQLP

exports[`should render the text component 1`] = `
<div>
  <p
    class="sc-AxjAm QFqrR"
  >
    Text
  </p>
</div>
`;
